------------------------------------------------------------
TimeQuest Timing Analyzer Summary
------------------------------------------------------------

Type  : Slow 1100mV 85C Model Setup 'clk'
Slack : -0.572
TNS   : -0.883

Type  : Slow 1100mV 85C Model Hold 'clk'
Slack : 0.302
TNS   : 0.000

Type  : Slow 1100mV 85C Model Minimum Pulse Width 'clk'
Slack : -0.724
TNS   : -3.322

Type  : Slow 1100mV 0C Model Setup 'clk'
Slack : -0.580
TNS   : -0.853

Type  : Slow 1100mV 0C Model Hold 'clk'
Slack : 0.294
TNS   : 0.000

Type  : Slow 1100mV 0C Model Minimum Pulse Width 'clk'
Slack : -0.724
TNS   : -3.325

Type  : Fast 1100mV 85C Model Setup 'clk'
Slack : 0.320
TNS   : 0.000

Type  : Fast 1100mV 85C Model Hold 'clk'
Slack : 0.139
TNS   : 0.000

Type  : Fast 1100mV 85C Model Minimum Pulse Width 'clk'
Slack : -0.079
TNS   : -0.234

Type  : Fast 1100mV 0C Model Setup 'clk'
Slack : 0.352
TNS   : 0.000

Type  : Fast 1100mV 0C Model Hold 'clk'
Slack : 0.127
TNS   : 0.000

Type  : Fast 1100mV 0C Model Minimum Pulse Width 'clk'
Slack : -0.082
TNS   : -0.242

------------------------------------------------------------
